(abs a_469 (type) (lam x_470 a_469 (lam y_471 a_469 y_471)))